../Core/Src/main.c:90:1:__io_putchar	16	static
../Core/Src/main.c:430:6:select_adc_channel	32	static
../Core/Src/main.c:607:5:main	16	static
../Core/Src/main.c:689:6:SystemClock_Config	88	static
../Core/Src/main.c:731:13:MX_ADC1_Init	24	static
../Core/Src/main.c:801:13:MX_I2C1_Init	8	static
../Core/Src/main.c:835:13:MX_TIM10_Init	8	static
../Core/Src/main.c:866:13:MX_USART1_UART_Init	8	static
../Core/Src/main.c:897:13:MX_DMA_Init	16	static
../Core/Src/main.c:915:13:MX_GPIO_Init	48	static
../Core/Src/main.c:945:6:HAL_ADC_ConvHalfCpltCallback	16	static
../Core/Src/main.c:950:6:HAL_ADC_ConvCpltCallback	16	static
../Core/Src/main.c:1072:6:HAL_TIM_PeriodElapsedCallback	16	static
../Core/Src/main.c:1317:6:HAL_UART_RxCpltCallback	80	static
../Core/Src/main.c:1424:6:send_config	48	static
../Core/Src/main.c:1459:6:receive_config	8	static
../Core/Src/main.c:1475:6:send_bump_alarm	48	static
../Core/Src/main.c:1511:6:send_hidden_bump_alarm	48	static
../Core/Src/main.c:1543:6:send_shakes_count	64	static
../Core/Src/main.c:1587:6:send_raw_data	48	static
../Core/Src/main.c:1660:6:send_nack	4	static
../Core/Src/main.c:1668:13:init_crc16_tab	16	static
../Core/Src/main.c:1699:10:crc_16	32	static
../Core/Src/main.c:1721:6:send_sample	4	static
../Core/Src/main.c:1728:6:send_fft_sample	4	static
../Core/Src/main.c:1739:6:Error_Handler	4	static,ignoring_inline_asm
